// Jest Snapshot v1, https://goo.gl/fbAQLP

exports[`<SeasonDetails/> renders SeasonDetails correctly 1`] = `
<DocumentFragment>
  <div
    class="seasons-wrapper"
  >
    <div
      class="seasons-header"
    >
      <h1>
        2005 Season
      </h1>
      <p />
    </div>
    <a
      href="/"
    >
      <button
        class="btn btn-info"
        type="button"
      >
        &lt; Back to list
      </button>
    </a>
    <div
      class="table-responsive"
    >
      <table
        class="table table-striped table-bordered table-hover"
      >
        <thead>
          <tr>
            <th>
              Race
            </th>
            <th>
              Driver
            </th>
            <th>
              Team
            </th>
            <th>
              Nationality
            </th>
            <th>
              Time
            </th>
          </tr>
        </thead>
        <tbody>
          <tr>
            <td>
              Australian Grand Prix
            </td>
            <td>
              Giancarlo Fisichella
            </td>
            <td>
              Renault
            </td>
            <td>
              Italian
            </td>
            <td>
              1:24:17.336
            </td>
          </tr>
        </tbody>
      </table>
    </div>
  </div>
</DocumentFragment>
`;
